category: 'cat2'
method: GetSourcesTest
msg1
%
